// Jest Snapshot v1, https://goo.gl/fbAQLP

exports[`ScrollToTopButton renders correctly  1`] = `
<div
  className="scroll-to-top"
  onClick={[Function]}
>
  ^
</div>
`;
